
****** Vitis HLS - High-Level Synthesis from C, C++ and OpenCL v2022.1 (64-bit)
  **** SW Build 3526262 on Mon Apr 18 15:47:01 MDT 2022
  **** IP Build 3524634 on Mon Apr 18 20:55:01 MDT 2022
    ** Copyright 1986-2022 Xilinx, Inc. All Rights Reserved.

source /tools/Xilinx/Vitis_HLS/2022.1/scripts/vitis_hls/hls.tcl -notrace
INFO: [HLS 200-10] Running '/tools/Xilinx/Vitis_HLS/2022.1/bin/unwrapped/lnx64.o/vitis_hls'
INFO: [HLS 200-10] For user 'pole' on host 'HPole' (Linux_x86_64 version 7.0.0-34-generic) on Tue Oct 06 10:00:23 CEST 2026
INFO: [HLS 200-10] On os Ubuntu 26.04.1 LTS
INFO: [HLS 200-10] In directory '/home/pole/Documents/polimi/thesis/mrc-open-implementation/coyote-experiments/TB_ib_transport_protocol'
Sourcing Tcl script 'run_csynth_rocev2.tcl'
INFO: [HLS 200-1510] Running: open_project -reset /home/pole/Documents/polimi/thesis/mrc-open-implementation/coyote-experiments/TB_ib_transport_protocol/rocev2_syn_prj 
ERROR: [HLS 200-70] The name '/home/pole/Documents/polimi/thesis/mrc-open-implementation/coyote-experiments/TB_ib_transport_protocol/rocev2_syn_prj' contains illegal character '/' 
INFO: [HLS 200-1510] Running: set_top rocev2_top 
ERROR: [HLS 200-70] You must open a project first
command 'ap_source' returned error code
    while executing
"source run_csynth_rocev2.tcl"
    ("uplevel" body line 1)
    invoked from within
"uplevel \#0 [list source $arg] "

INFO: [HLS 200-112] Total CPU user time: 0.34 seconds. Total CPU system time: 0.08 seconds. Total elapsed time: 0.42 seconds; peak allocated memory: 19.348 MB.
INFO: [Common 17-206] Exiting vitis_hls at Tue Oct  6 10:00:23 2026...
